test after amend
